// Jest Snapshot v1, https://goo.gl/fbAQLP

exports[`Will not fail if a dynamic prop is only defined on certain breakpoints 1`] = `
<div>
  <span
    style="font-size: 9;"
  >
    A [fw=undefined] [lh=undefined]
  </span>
  <span
    style="font-size: 9; font-weight: 10;"
  >
    B [fw=10] [lh=undefined]
  </span>
  <span
    style="font-size: 10; line-height: 1.1;"
  >
    C [fw=undefined] [lh=1.1]
  </span>
  <span
    style="font-size: 10; font-weight: 10;"
  >
    D [fw=10] [lh=undefined]
  </span>
  <span
    style="font-size: 11;"
  >
    E [fw=undefined] [lh=undefined]
  </span>
  <span
    style="font-size: 11; font-weight: 10; line-height: 1.1;"
  >
    F [fw=10] [lh=1.1]
  </span>
</div>
`;

exports[`Will work when creating dynamic props from props at each breakpoint 1`] = `
<div>
  <span
    style="font-size: 9; font-weight: 9; line-height: 4.5;"
  >
    A [fw=9*1*1] [lh=9*0.5*1]
  </span>
  <span
    style="font-size: 9; font-weight: 18; line-height: 9;"
  >
    B [fw=9*1*2] [lh=9*0.5*2]
  </span>
  <span
    style="font-size: 10; font-weight: 30; line-height: 15;"
  >
    C [fw=10*1*3] [lh=10*0.5*3]
  </span>
  <span
    style="font-size: 10; font-weight: 40; line-height: 20;"
  >
    D [fw=10*1*4] [lh=10*0.5*4]
  </span>
  <span
    style="font-size: 11; font-weight: 55; line-height: 27.5;"
  >
    E [fw=11*1*5] [lh=11*0.5*5]
  </span>
  <span
    style="font-size: 11; font-weight: 66; line-height: 33;"
  >
    F [fw=11*1*6] [lh=11*0.5*6]
  </span>
</div>
`;
