// Jest Snapshot v1, https://goo.gl/fbAQLP

exports[`OIO Provider context props are received as expected from context consumer 1`] = `
Object {
  "buttonLinkAdapter": Object {
    "isActive": [Function],
    "render": [Function],
  },
  "containerId": "oio",
  "fontFamily": "sans-serif",
  "fontSize": "16px",
  "fontWeightBold": "700",
  "fontWeightLight": "300",
  "fontWeightMedium": "500",
  "fontWeightNormal": "400",
  "fontWeightSemibold": "600",
  "highlightColor": "#2a383e",
  "textSizeMultiplier": 1,
  "textSizeScaleRatio": 1.125,
}
`;

exports[`OIO Provider renders as expected 1`] = `
.emotion-0 {
  font-family: sans-serif;
  font-size: 16px;
}

<body>
  <div>
    <div
      class="emotion-0"
      id="oio"
    >
      Hello World
    </div>
  </div>
</body>
`;
